e2e
+- run test 107 pass, 2 fail (109 total)
error: 'e2e.test.grep picker: fixed-size panel with split syntax preview' failed:
       /usr/lib/zig/std/testing.zig:615:14: 0x1260b99 in expect (std.zig)
           if (!ok) return error.TestUnexpectedResult;
                    ^
       /home/leoz/sources/oz/test/e2e.zig:2711:5: 0x1426d93 in test.grep picker: fixed-size panel with split syntax preview (e2e.zig)
           try std.testing.expect(grid.contains("build.zig:"));
           ^
error: 'e2e.test.git: gutter signs, ]c hunk jump, hunk stage/reset, blame ghost, branch' failed:
       jk toggle 0: hint col 6
       jk toggle 1: hint col 6
       jk toggle 2: hint col 6
       jk toggle 3: hint col 6
       /usr/lib/zig/std/testing.zig:615:14: 0x1260b99 in expect (std.zig)
           if (!ok) return error.TestUnexpectedResult;
                    ^
       /home/leoz/sources/oz/test/e2e.zig:11566:5: 0x1286cc8 in test.git: gutter signs, ]c hunk jump, hunk stage/reset, blame ghost, branch (e2e.zig)
           try std.testing.expect(try Wait.until(&sess, &grid, "E2E Tester, "));
           ^
failed command: ./.zig-cache/o/7d5e45ab156b29d28f01552b62af7f40/test --cache-dir=./.zig-cache --seed=0xf9be0ef5 --listen=-

Build Summary: 331/333 steps succeeded (1 failed); 107/109 tests passed (2 failed)
e2e transitive failure
+- run test 107 pass, 2 fail (109 total)

error: the following build command failed with exit code 1:
.zig-cache/o/e156fab6a25910f50c374ce98d56ab32/build /usr/bin/zig /usr/lib/zig /home/leoz/sources/oz .zig-cache .zig-global-cache --seed 0xf9be0ef5 -Zc4bbf97ecb4238e9 e2e
